ent 4: paddr=000d172c vaddr=40374000 size=1516ch ( 86380) load[) heap_init: At 3FCA1A90 len 00047C80 (287 KiB): RAM[0m
[0;32mÔøΩESP-ROM:esp32s3-20210327
Build:Mar 27 2021
rst:0x1 (POWERON),boot:0x18 (SPI_FAST_FLASH_BOOT)
SPIWP:0xee
mode:DIO, clock div:1
load:0x3fce3810,len:0x1870
load:0x403c9700,len:0x4
load:0x403c9704,len:0xcec
load:0x403cc700,len:0x2ec4
entry 0x403c9918
[0;32mI (24) boot: ESP-IDF v5.2.5 2nd stage bootloader[0m
[0;32mI (24) boot: compile time Oct 11 2025 12:44:37[0m
[0;32mI (24) boot: Multicore bootloader[0m
[0;32mI (27) boot: chip revision: v0.2[0m
[0;32mI (31) boot: efuse block revision: v1.3[0m
[0;32mI (35) boot.esp32s3: Boot SPI Speed : 80MHz[0m
[0;32mI (40) boot.esp32s3: SPI Mode       : DIO[0m
[0;32mI (45) boot.esp32s3: SPI Flash Size : 8MB[0m
[0;32mI (49) boot: Enabling RNG early entropy source...[0m
[0;32mI (55) boot: Partition Table:[0m
[0;32mI (58) boot: ## Label            Usage          Type ST Offset   Length[0m
[0;32mI (66) boot:  0 nvs              WiFi data        01 02 00009000 00006000[0m
[0;32mI (73) boot:  1 phy_init         RF data          01 01 0000f000 00001000[0m
[0;32ÔøΩESP-ROM:esp32s3-20210327
Build:Mar 27 2021
rst:0xf (BROWNOUT_RST),boot:0x18 (SPI_FAST_FLASH_BOOT)
SPIWP:0xee
mode:DIO, clock div:1
load:0x3fce3810,len:0x1870
load:0x403c9700,len:0x4
load:0x403c9704,len:0xcec
load:0x403cc700,len:0x2ec4
entry 0x403c9918
[0;32mI (24) boot: ESP-IDF v5.2.5 2nd stage bootloader[0m
[0;32mI (24) boot: compile time Oct 11 2025 12:44:37[0m
[0;32mI (24) boot: Multicore bootloader[0m
[0;32mI (27) boot: chip revision: v0.2[0m
[0;32mI (31) boot: efuse block revision: v1.3[0m
[0;32mI (36) boot.esp32s3: Boot SPI Speed : 80MHz[0m
[0;32mI (40) boot.esp32s3: SPI Mode       : DIO[0m
[0;32mI (45) boot.esp32s3: SPI Flash Size : 8MB[0m
[0;32mI (50) boot: Enabling RNG early entropy source...[0m
[0;32mI (55) boot: Partition Table:[0m
[0;32mI (59) boot: ## Label            Usage          Type ST Offset   Length[0m
[0;32mI (66) boot:  0 nvs              WiFiÔøΩESP-ROM:esp32s3-20210327
Build:Mar 27 2021
rst:0xf (BROWNOUT_RST),ÔøΩESP-ROM:esp32s3-20210327
Build:Mar 27 2021
rst:0xf (BROWNOUT_RST),boot:0x18 (SPI_FAST_FLASH_BOOT)
SPIWP:0xee
mode:DIO, clock div:1
load:0x3fce3810,len:0x1870
load:0x403c9700,len:0x4
load:0x403c9704,len:0xcec
load:0x403cc700,len:0x2ec4
entry 0x403c9918
[0;32mI (24) boot: ESP-IDF v5.2.5 2nd stage bootloader[0m
[0;32mI (24) bÔøΩESP-ROM:esp32s3-20210327
Build:Mar 27 2021
rst:0xf (BROWNOUT_RST),boot:0x18 (SPI_FAST_FLASH_BOOT)ÔøΩESP-ROM:esp32s3-20210327
Build:Mar 27 2021
rst:0xf (BROWNOUT_RST),boot:0x18 (SPI_FAST_FLASH_BOOT)
SPIWP:0xee
mode:DIO, clock div:1
load:0x3fce3810,len:0x1870
load:0x403c9700,len:0x4
load:0x403c9704,len:0xcec
load:0x403cc700,len:0x2ec4
entry 0x403c9918
[0;32mI (24) boot: ESP-IDF v5.2.5 2nd stage bootloader[0m
[0;32mI (24) boot: compile time Oct 11 2025 12:44:37[0m
[0;32mI (24) boot: Multicore bootloader[0m
[0;32mI (27) boot: chip revision: v0.2[0m
[0;32mI (31) boot: efuse block revision: v1.3[0m
[0;32mI (36) boot.esp32s3: Boot SPI Speed : 80MHz[0m
[0;32mI (40) boot.esp32s3: SPI Mode       : DIO[0m
[0;32mI (45) boot.esp32s3: SPI Flash Size : 8MB[0m
[0;32mI (50) boot: Enabling RNG early entropy source...[0m
[0;32mI (55) boot: Partition Table:[0m
[0;32mI (59) boot: ## Label            Usage          Type ST Offset   Length[0m
[0;32mI (66) boot:  0 nvs              WiFi data        01 02 00009000 00006000[0m
[0;32mI (74) boot:  1 phy_init         RF data          01 01 0000f000 00001000[0m
[0;32mI (81) boot:  2 factory          factory app      00 00 00010000 00100000[0m
[0;32mI (89) boot: End of partition table[0m
[0;32mI (93) esp_image: segment 0: paddr=00010020 vaddr=3c0a0020 size=1fa18h (129560) map[0m
[0;32mI (124) esp_image: segment 1: paddr=0002fa40 vaddr=3fc99200 size=005d8h (  1496) load[0m
[0;32mI (125) esp_image: segment 2: paddr=00030020 vaddr=42000020 size=9d524h (644388) map[0m
[0;32mI (243) esp_image: segment 3: paddr=000cd54c vaddr=3fc997d8 size=041d8h ( 16856) load[0m
[0;32mI (247) esp_image: segment 4: paddr=000d172c vaddr=40374000 size=1516ch ( 86380) load[0m
[0;32mI (276) boot: Loaded app from partition at offset 0x10000[0m
[0;32mI (277) boot: Disabling RNG early entropy source...[0m
[0;32mI (288) cpu_start: Multicore app[0m
[0;32mI (298) cpu_start: Pro cpu start user code[0m
[0;32mI (298) cpu_start: cpu freq: 240000000 Hz[0m
[0;32mI (298) cpu_start: Application information:[0m
[0;32mI (301) cpu_start: Project name:     yuangod_smart_car[0m
[0;32mI (307) cpu_start: App version:      686e3ac-dirty[0m
[0;32mI (312) cpu_start: Compile time:     Oct 19 2025 18:43:45[0m
[0;32mI (318) cpu_start: ELF file SHA256:  98fcbc721...[0m
[0;32mI (324) cpu_start: ESP-IDF:          v5.2.5[0m
[0;32mI (328) cpu_start: Min chip rev:     v0.0[0m
[0;32mI (333) cpu_start: Max chip rev:     v0.99 [0m
[0;32mI (338) cpu_start: Chip rev:         v0.2[0m
[0;32mI (343) heap_init: Initializing. RAM available for dynamic allocation:[0m
[0;32mI (350) heap_init: At 3FCA1A90 len 00047C80 (287 KiB): RAM[0m
[0;32mI (356) heap_init: At 3FCE9710 len 00005724 (21 KiB): RAM[0m
[0;32mI (362) heap_init: At 3FCF0000 len 00008000 (32 KiB): DRAM[0m
[0;32mI (368) heap_init: At 600FE010 len 00001FD8 (7 KiB): RTCRAM[0m
[0;32mI (375) spi_flash: detected chip: gd[0m
[0;32mI (379) spi_flash: flash io: dio[0m
[0;32mI (383) sleep: Configure to isolate all GPIO pins in sleep state[0m
[0;32mI (390) sleep: Enable automatic switching of GPIO sleep configuration[0m
[0;32mI (397) main_task: Started on CPU0[0m
[0;32mI (401) main_task: Calling app_main()[0m
[0;32mI (405) from -> ./main/app_main.c: 
___  _ _     ____  _        _____ ____  ____ 
\  \/// \ /\/  _ \/ \  /|  /  __//  _ \/  _ \
 \  / | | ||| / \|| |\ ||  | |  _| / \|| | \|
 / /  | \_/|| |-||| | \||  | |_//| \_/|| |_/|
/_/   \____/\_/ \|\_/  \|  \____\____/\____/
[0m
[0;32mI (430) from -> ./main/app_main.c: Â∞èËΩ¶ÂºÄÂßãÂàùÂßãÂåñ![0m
[0;32mI (453) pp: pp rom version: e7ae62f[0m
[0;32mI (454) net80211: net80211 rom version: e7ae62f[0m
[0;32mI (455) wifi:wifi driver task: 3fcabbcc, prio:23, stack:6656, core=0[0m
[0;32mI (467) wifi:wifi firmware version: 01d22db[0m
[0;32mI (468) wifi:wifi certification version: v7.0[0m
[0;32mI (468) wifi:config NVS flash: enabled[0m
[0;32mI (469) wifi:config nano formating: disabled[0m
[0;32mI (473) wifi:Init data frame dynamic rx buffer num: 32[0m
[0;32mI (478) wifi:Init static rx mgmt buffer num: 5[0m
[0;32mI (482) wifi:Init management short buffer num: 32[0m
